// Jest Snapshot v1, https://jestjs.io/docs/snapshot-testing

exports[`AppSidebar matches snapshot 1`] = `<div />`;
