// Jest Snapshot v1, https://jestjs.io/docs/snapshot-testing

exports[`Header matches snapshot 1`] = `<div />`;
